../Core/Src/main.c:27:6:stopMotors	8	static
../Core/Src/main.c:33:6:forward	8	static
../Core/Src/main.c:47:6:backward	8	static
../Core/Src/main.c:58:6:left	8	static
../Core/Src/main.c:69:6:right	8	static
../Core/Src/main.c:84:6:HAL_UART_RxCpltCallback	16	static
../Core/Src/main.c:105:5:main	8	static
../Core/Src/main.c:127:6:SystemClock_Config	104	static
../Core/Src/main.c:164:13:MX_GPIO_Init	32	static
../Core/Src/main.c:186:13:MX_USART1_UART_Init	8	static
../Core/Src/main.c:203:6:Error_Handler	4	static,ignoring_inline_asm
